###############################################################################
#
# IAR ELF Linker V7.40.2.8542/W32 for ARM                 16/Jul/2016  13:18:57
# Copyright 2007-2015 IAR Systems AB.
#
#    Output file  =  
#        F:\work\competition\freescale\P_freestyle\MINE\16.5.16\mycar\project\mycar\iar\RAM\Exe\mycar_K60DZ10.out
#    Map file     =  
#        F:\work\competition\freescale\P_freestyle\MINE\16.5.16\mycar\project\mycar\iar\RAM\List\mycar_K60DZ10.map
#    Command line =  
#        F:\work\competition\freescale\P_freestyle\MINE\16.5.16\mycar\project\mycar\iar\RAM\Obj\alloc.o
#        F:\work\competition\freescale\P_freestyle\MINE\16.5.16\mycar\project\mycar\iar\RAM\Obj\assert.o
#        F:\work\competition\freescale\P_freestyle\MINE\16.5.16\mycar\project\mycar\iar\RAM\Obj\ccd.o
#        F:\work\competition\freescale\P_freestyle\MINE\16.5.16\mycar\project\mycar\iar\RAM\Obj\control.o
#        F:\work\competition\freescale\P_freestyle\MINE\16.5.16\mycar\project\mycar\iar\RAM\Obj\debug.o
#        F:\work\competition\freescale\P_freestyle\MINE\16.5.16\mycar\project\mycar\iar\RAM\Obj\fuzzy.o
#        F:\work\competition\freescale\P_freestyle\MINE\16.5.16\mycar\project\mycar\iar\RAM\Obj\HW_ADC.o
#        F:\work\competition\freescale\P_freestyle\MINE\16.5.16\mycar\project\mycar\iar\RAM\Obj\HW_CAN.o
#        F:\work\competition\freescale\P_freestyle\MINE\16.5.16\mycar\project\mycar\iar\RAM\Obj\HW_DAC.o
#        F:\work\competition\freescale\P_freestyle\MINE\16.5.16\mycar\project\mycar\iar\RAM\Obj\HW_DMA.o
#        F:\work\competition\freescale\P_freestyle\MINE\16.5.16\mycar\project\mycar\iar\RAM\Obj\HW_ENET.o
#        F:\work\competition\freescale\P_freestyle\MINE\16.5.16\mycar\project\mycar\iar\RAM\Obj\HW_FLASH.o
#        F:\work\competition\freescale\P_freestyle\MINE\16.5.16\mycar\project\mycar\iar\RAM\Obj\HW_FLEXBUS.o
#        F:\work\competition\freescale\P_freestyle\MINE\16.5.16\mycar\project\mycar\iar\RAM\Obj\HW_FTM.o
#        F:\work\competition\freescale\P_freestyle\MINE\16.5.16\mycar\project\mycar\iar\RAM\Obj\HW_GPIO.o
#        F:\work\competition\freescale\P_freestyle\MINE\16.5.16\mycar\project\mycar\iar\RAM\Obj\HW_I2C.o
#        F:\work\competition\freescale\P_freestyle\MINE\16.5.16\mycar\project\mycar\iar\RAM\Obj\HW_LPTMR.o
#        F:\work\competition\freescale\P_freestyle\MINE\16.5.16\mycar\project\mycar\iar\RAM\Obj\HW_MCG.o
#        F:\work\competition\freescale\P_freestyle\MINE\16.5.16\mycar\project\mycar\iar\RAM\Obj\HW_NVIC.o
#        F:\work\competition\freescale\P_freestyle\MINE\16.5.16\mycar\project\mycar\iar\RAM\Obj\HW_PDB.o
#        F:\work\competition\freescale\P_freestyle\MINE\16.5.16\mycar\project\mycar\iar\RAM\Obj\HW_PIT.o
#        F:\work\competition\freescale\P_freestyle\MINE\16.5.16\mycar\project\mycar\iar\RAM\Obj\HW_RTC.o
#        F:\work\competition\freescale\P_freestyle\MINE\16.5.16\mycar\project\mycar\iar\RAM\Obj\HW_SDHC.o
#        F:\work\competition\freescale\P_freestyle\MINE\16.5.16\mycar\project\mycar\iar\RAM\Obj\HW_SPI.o
#        F:\work\competition\freescale\P_freestyle\MINE\16.5.16\mycar\project\mycar\iar\RAM\Obj\HW_SYSTICK.o
#        F:\work\competition\freescale\P_freestyle\MINE\16.5.16\mycar\project\mycar\iar\RAM\Obj\HW_TSI.o
#        F:\work\competition\freescale\P_freestyle\MINE\16.5.16\mycar\project\mycar\iar\RAM\Obj\HW_UART.o
#        F:\work\competition\freescale\P_freestyle\MINE\16.5.16\mycar\project\mycar\iar\RAM\Obj\HW_USB.o
#        F:\work\competition\freescale\P_freestyle\MINE\16.5.16\mycar\project\mycar\iar\RAM\Obj\HW_WDOG.o
#        F:\work\competition\freescale\P_freestyle\MINE\16.5.16\mycar\project\mycar\iar\RAM\Obj\init.o
#        F:\work\competition\freescale\P_freestyle\MINE\16.5.16\mycar\project\mycar\iar\RAM\Obj\io.o
#        F:\work\competition\freescale\P_freestyle\MINE\16.5.16\mycar\project\mycar\iar\RAM\Obj\mycar.o
#        F:\work\competition\freescale\P_freestyle\MINE\16.5.16\mycar\project\mycar\iar\RAM\Obj\oled.o
#        F:\work\competition\freescale\P_freestyle\MINE\16.5.16\mycar\project\mycar\iar\RAM\Obj\printf.o
#        F:\work\competition\freescale\P_freestyle\MINE\16.5.16\mycar\project\mycar\iar\RAM\Obj\queue.o
#        F:\work\competition\freescale\P_freestyle\MINE\16.5.16\mycar\project\mycar\iar\RAM\Obj\relocate.o
#        F:\work\competition\freescale\P_freestyle\MINE\16.5.16\mycar\project\mycar\iar\RAM\Obj\roadSearch.o
#        F:\work\competition\freescale\P_freestyle\MINE\16.5.16\mycar\project\mycar\iar\RAM\Obj\saveinflash.o
#        F:\work\competition\freescale\P_freestyle\MINE\16.5.16\mycar\project\mycar\iar\RAM\Obj\startup_K60DZ10.o
#        F:\work\competition\freescale\P_freestyle\MINE\16.5.16\mycar\project\mycar\iar\RAM\Obj\stdlib.o
#        F:\work\competition\freescale\P_freestyle\MINE\16.5.16\mycar\project\mycar\iar\RAM\Obj\system_MK60.o
#        F:\work\competition\freescale\P_freestyle\MINE\16.5.16\mycar\project\mycar\iar\RAM\Obj\uif.o
#        --redirect _Printf=_PrintfFull --redirect _Scanf=_ScanfFull -o
#        F:\work\competition\freescale\P_freestyle\MINE\16.5.16\mycar\project\mycar\iar\RAM\Exe\mycar_K60DZ10.out
#        --map
#        F:\work\competition\freescale\P_freestyle\MINE\16.5.16\mycar\project\mycar\iar\RAM\List\mycar_K60DZ10.map
#        --config
#        F:\work\competition\freescale\P_freestyle\MINE\16.5.16\mycar\project\mycar\iar\..\..\..\lib\iar_config_files\LPLD_K60DN512_RAM.icf
#        --semihosting --entry __iar_program_start
#        E:\IAR\anzhuang\arm\CMSIS\Lib\IAR\iar_cortexM4l_math.a --vfe
#
###############################################################################

*******************************************************************************
*** RUNTIME MODEL ATTRIBUTES
***

CppFlavor       = *
__SystemLibrary = DLib


*******************************************************************************
*** PLACEMENT SUMMARY
***

"A1":  place at 0x1fff0000 { ro section .intvec };
"A2":  place at 0x1fff0410 { ro section .noinit };
"P1":  place in [from 0x1fff0000 to 0x20010000] { ro, block CodeRelocate };
"P2":  place in [from 0x1fff0000 to 0x20010000] {
          rw, block CodeRelocateRam, block CSTACK, block HEAP };

  Section              Kind        Address    Size  Object
  -------              ----        -------    ----  ------
"A1":                                        0x400
  .intvec              ro code  0x1fff0000   0x400  startup_K60DZ10.o [1]
                              - 0x1fff0400   0x400

"P1", part 1 of 2:                             0x0
  .rodata              const    0x1fff0400     0x0  zero_init3.o [5]

"A2":                                         0x14
  .noinit              ro code  0x1fff0410    0x10  startup_K60DZ10.o [1]
  .noinit              ro code  0x1fff0420     0x4  startup_K60DZ10.o [1]
                              - 0x1fff0424    0x14

"P1", part 2 of 2:                          0x870c
  .text                ro code  0x1fff0424  0x17f4  roadSearch.o [1]
  .text                ro code  0x1fff1c18    0x24  FltCmpGe.o [4]
  .text                ro code  0x1fff1c3c    0x30  I32ToDbl.o [4]
  .text                ro code  0x1fff1c6c   0x1a2  DblMul.o [4]
  .text                ro code  0x1fff1e0e    0x22  zero_init3.o [5]
  .text                ro code  0x1fff1e30   0x256  DblDiv.o [4]
  .text                ro code  0x1fff2088    0x90  DblToFlt.o [4]
  .text                ro code  0x1fff2118    0x32  I32ToFlt.o [4]
  .text                ro code  0x1fff214c    0xd8  FltMul.o [4]
  .text                ro code  0x1fff2224    0x4e  FltToDbl.o [4]
  .text                ro code  0x1fff2274    0xe8  DblAdd.o [4]
  .text                ro code  0x1fff235c    0x4c  DblToI32.o [4]
  .text                ro code  0x1fff23a8    0x84  FltAdd.o [4]
  .text                ro code  0x1fff242c    0x24  FltCmpLe.o [4]
  .text                ro code  0x1fff2450    0xe6  FltSub.o [4]
  .text                ro code  0x1fff2538   0x1b4  HW_GPIO.o [1]
  .text                ro code  0x1fff26ec   0x180  DblSub.o [4]
  .text                ro code  0x1fff286c    0xfc  FltDiv.o [4]
  .text                ro code  0x1fff2968    0x14  assert.o [1]
  .text                ro code  0x1fff297c   0x4e4  printf.o [1]
  .text                ro code  0x1fff2e60    0x1c  stdlib.o [1]
  .text                ro code  0x1fff2e7c   0xa20  control.o [1]
  .text                ro code  0x1fff389c   0x12c  HW_LPTMR.o [1]
  .text                ro code  0x1fff39c8   0x974  HW_FTM.o [1]
  .text                ro code  0x1fff433c   0x30c  init.o [1]
  .text                ro code  0x1fff4648    0x24  FltToU32.o [4]
  .text                ro code  0x1fff466c    0x1c  FltCmpEq.o [4]
  .text                ro code  0x1fff4688    0x76  ABImemcpy_unaligned.o [5]
  .text                ro code  0x1fff4700   0x174  HW_PIT.o [1]
  .text                ro code  0x1fff4874   0x474  HW_ADC.o [1]
  .text                ro code  0x1fff4ce8   0x9ca  debug.o [1]
  .text                ro code  0x1fff56b4   0x7c8  oled.o [1]
  .text                ro code  0x1fff5e7c   0x138  saveinflash.o [1]
  .text                ro code  0x1fff5fb4   0x278  ccd.o [1]
  .text                ro code  0x1fff622c    0x44  FltToS32.o [4]
  .text                ro code  0x1fff6270   0x1ec  HW_FLASH.o [1]
  .text                ro code  0x1fff645c   0x714  HW_UART.o [1]
  .text                ro code  0x1fff6b70   0x658  system_MK60.o [1]
  .text                ro code  0x1fff71c8    0xa0  relocate.o [1]
  .text                ro code  0x1fff7268   0x198  HW_MCG.o [1]
  .text                ro code  0x1fff7400   0x274  mycar.o [1]
  .rodata              const    0x1fff7674   0x228  oled.o [1]
  .text                ro code  0x1fff789c   0x218  HW_SPI.o [1]
  .text                ro code  0x1fff7ab4   0x1e2  HW_CAN.o [1]
  .data_init                    0x1fff7c98   0x1c0  <Block>
    Initializer bytes  const    0x1fff7c98   0x1c0  <for .data-1>
  .text                ro code  0x1fff7e58   0x168  HW_DMA.o [1]
  .text                ro code  0x1fff7fc0    0xf4  HW_DAC.o [1]
  .text                ro code  0x1fff80b4    0xcc  HW_I2C.o [1]
  .text                ro code  0x1fff8180    0x80  HW_ENET.o [1]
  .text                ro code  0x1fff8200    0x80  HW_PDB.o [1]
  .text                ro code  0x1fff8280    0x70  HW_TSI.o [1]
  .text                ro code  0x1fff82f0    0x60  HW_RTC.o [1]
  .rodata              const    0x1fff8350    0x54  HW_ADC.o [1]
  .rodata              const    0x1fff83a4    0x54  HW_FTM.o [1]
  .rodata              const    0x1fff83f8    0x54  HW_GPIO.o [1]
  .rodata              const    0x1fff844c    0x54  HW_LPTMR.o [1]
  .rodata              const    0x1fff84a0    0x54  HW_PIT.o [1]
  CodeRelocate                  0x1fff84f4    0x4c  <Block>
    Initializer bytes  const    0x1fff84f4    0x4c  <for CodeRelocateRam-1>
  .rodata              const    0x1fff8540    0x48  system_MK60.o [1]
  .rodata              const    0x1fff8588    0x44  system_MK60.o [1]
  .rodata              const    0x1fff85cc    0x44  system_MK60.o [1]
  .rodata              const    0x1fff8610    0x30  assert.o [1]
  .rodata              const    0x1fff8640    0x30  system_MK60.o [1]
  .rodata              const    0x1fff8670    0x30  system_MK60.o [1]
  .rodata              const    0x1fff86a0    0x28  system_MK60.o [1]
  .text                ro code  0x1fff86c8    0x28  data_init.o [5]
  .rodata              const    0x1fff86f0    0x24  system_MK60.o [1]
  .rodata              const    0x1fff8714    0x24  system_MK60.o [1]
  .iar.init_table      const    0x1fff8738    0x10  - Linker created -
  .rodata              const    0x1fff8748    0x20  system_MK60.o [1]
  .rodata              const    0x1fff8768    0x20  system_MK60.o [1]
  .rodata              const    0x1fff8788    0x20  system_MK60.o [1]
  .rodata              const    0x1fff87a8    0x20  system_MK60.o [1]
  .rodata              const    0x1fff87c8    0x1c  system_MK60.o [1]
  .rodata              const    0x1fff87e4    0x1c  system_MK60.o [1]
  .rodata              const    0x1fff8800    0x1c  system_MK60.o [1]
  .text                ro code  0x1fff881c    0x1a  cmain.o [5]
  .text                ro code  0x1fff8836     0x4  low_level_init.o [3]
  .text                ro code  0x1fff883a     0x4  exit.o [3]
  .text                ro code  0x1fff8840     0xa  cexit.o [5]
  .text                ro code  0x1fff884c    0x14  exit.o [6]
  .rodata              const    0x1fff8860    0x18  system_MK60.o [1]
  .rodata              const    0x1fff8878    0x18  system_MK60.o [1]
  .rodata              const    0x1fff8890    0x18  system_MK60.o [1]
  .rodata              const    0x1fff88a8    0x18  system_MK60.o [1]
  .rodata              const    0x1fff88c0    0x18  system_MK60.o [1]
  .rodata              const    0x1fff88d8    0x18  system_MK60.o [1]
  .rodata              const    0x1fff88f0    0x18  system_MK60.o [1]
  .rodata              const    0x1fff8908    0x18  system_MK60.o [1]
  .rodata              const    0x1fff8920    0x18  system_MK60.o [1]
  .rodata              const    0x1fff8938    0x18  system_MK60.o [1]
  .rodata              const    0x1fff8950    0x14  system_MK60.o [1]
  .rodata              const    0x1fff8964    0x14  system_MK60.o [1]
  .rodata              const    0x1fff8978    0x14  system_MK60.o [1]
  .rodata              const    0x1fff898c    0x14  system_MK60.o [1]
  .rodata              const    0x1fff89a0    0x14  system_MK60.o [1]
  .rodata              const    0x1fff89b4    0x14  system_MK60.o [1]
  .text                ro code  0x1fff89c8    0x14  io.o [1]
  .rodata              const    0x1fff89dc    0x10  system_MK60.o [1]
  .rodata              const    0x1fff89ec    0x10  system_MK60.o [1]
  .rodata              const    0x1fff89fc    0x10  system_MK60.o [1]
  .text                ro code  0x1fff8a0c    0x10  HW_SYSTICK.o [1]
  .text                ro code  0x1fff8a1c    0x10  HW_USB.o [1]
  .rodata              const    0x1fff8a2c     0xc  debug.o [1]
  .rodata              const    0x1fff8a38     0xc  debug.o [1]
  .rodata              const    0x1fff8a44     0xc  debug.o [1]
  .rodata              const    0x1fff8a50     0xc  debug.o [1]
  .rodata              const    0x1fff8a5c     0xc  system_MK60.o [1]
  .rodata              const    0x1fff8a68     0xc  system_MK60.o [1]
  .text                ro code  0x1fff8a74     0xc  cstartup_M.o [5]
  .rodata              const    0x1fff8a80     0x8  debug.o [1]
  .rodata              const    0x1fff8a88     0x8  debug.o [1]
  .rodata              const    0x1fff8a90     0x8  debug.o [1]
  .rodata              const    0x1fff8a98     0x8  system_MK60.o [1]
  .rodata              const    0x1fff8aa0     0x8  system_MK60.o [1]
  .rodata              const    0x1fff8aa8     0x8  system_MK60.o [1]
  .rodata              const    0x1fff8ab0     0x8  system_MK60.o [1]
  .rodata              const    0x1fff8ab8     0x8  system_MK60.o [1]
  .rodata              const    0x1fff8ac0     0x8  system_MK60.o [1]
  .rodata              const    0x1fff8ac8     0x8  system_MK60.o [1]
  .rodata              const    0x1fff8ad0     0x8  system_MK60.o [1]
  .rodata              const    0x1fff8ad8     0x8  system_MK60.o [1]
  .rodata              const    0x1fff8ae0     0x8  system_MK60.o [1]
  .rodata              const    0x1fff8ae8     0x8  system_MK60.o [1]
  .rodata              const    0x1fff8af0     0x8  system_MK60.o [1]
  .rodata              const    0x1fff8af8     0x8  system_MK60.o [1]
  .rodata              const    0x1fff8b00     0x8  system_MK60.o [1]
  .rodata              const    0x1fff8b08     0x8  system_MK60.o [1]
  .rodata              const    0x1fff8b10     0x8  system_MK60.o [1]
  .rodata              const    0x1fff8b18     0x8  system_MK60.o [1]
  .rodata              const    0x1fff8b20     0x8  system_MK60.o [1]
  .rodata              const    0x1fff8b28     0x8  system_MK60.o [1]
                              - 0x1fff8b30  0x870c

"P2":                                        0xeb0
  .data                         0x1fff8b30   0x1c0  <Block>
    .data-1                     0x1fff8b30   0x1c0  <Init block>
      .data            inited   0x1fff8b30     0x1  ccd.o [1]
      .data            inited   0x1fff8b34     0x4  control.o [1]
      .data            inited   0x1fff8b38    0x14  control.o [1]
      .data            inited   0x1fff8b4c    0x18  control.o [1]
      .data            inited   0x1fff8b64     0x1  debug.o [1]
      .data            inited   0x1fff8b65     0x1  debug.o [1]
      .data            inited   0x1fff8b68    0x18  debug.o [1]
      .data            inited   0x1fff8b80    0x3c  debug.o [1]
      .data            inited   0x1fff8bbc    0x3c  debug.o [1]
      .data            inited   0x1fff8bf8    0x24  debug.o [1]
      .data            inited   0x1fff8c1c    0x14  debug.o [1]
      .data            inited   0x1fff8c30    0x14  debug.o [1]
      .data            inited   0x1fff8c44     0x8  debug.o [1]
      .data            inited   0x1fff8c4c     0x4  HW_MCG.o [1]
      .data            inited   0x1fff8c50     0x4  HW_MCG.o [1]
      .data            inited   0x1fff8c54     0x4  HW_MCG.o [1]
      .data            inited   0x1fff8c58     0x4  HW_MCG.o [1]
      .data            inited   0x1fff8c5c    0x50  mycar.o [1]
      .data            inited   0x1fff8cac     0x4  roadSearch.o [1]
      .data            inited   0x1fff8cb0     0x4  roadSearch.o [1]
      .data            inited   0x1fff8cb4     0x4  roadSearch.o [1]
      .data            inited   0x1fff8cb8     0x4  saveinflash.o [1]
      .data            inited   0x1fff8cbc    0x30  saveinflash.o [1]
      .data            inited   0x1fff8cec     0x4  system_MK60.o [1]
  CodeRelocateRam               0x1fff8cf0    0x4c  <Block>
    CodeRelocateRam-1           0x1fff8cf0    0x4c  <Init block>
      .textrw          inited   0x1fff8cf0    0x4c  HW_MCG.o [1]
  .bss                          0x1fff8d3c   0x8a4  <Block>
    .bss               zero     0x1fff8d3c   0x100  ccd.o [1]
    .bss               zero     0x1fff8e3c     0x4  control.o [1]
    .bss               zero     0x1fff8e40     0x4  control.o [1]
    .bss               zero     0x1fff8e44     0x4  control.o [1]
    .bss               zero     0x1fff8e48     0x4  control.o [1]
    .bss               zero     0x1fff8e4c    0x1c  control.o [1]
    .bss               zero     0x1fff8e68    0x1c  control.o [1]
    .bss               zero     0x1fff8e84     0x4  control.o [1]
    .bss               zero     0x1fff8e88     0x4  control.o [1]
    .bss               zero     0x1fff8e8c     0x4  control.o [1]
    .bss               zero     0x1fff8e90     0x4  control.o [1]
    .bss               zero     0x1fff8e94     0x4  control.o [1]
    .bss               zero     0x1fff8e98     0x4  control.o [1]
    .bss               zero     0x1fff8e9c     0x4  control.o [1]
    .bss               zero     0x1fff8ea0     0x4  control.o [1]
    .bss               zero     0x1fff8ea4     0x4  control.o [1]
    .bss               zero     0x1fff8ea8     0x4  control.o [1]
    .bss               zero     0x1fff8eac     0x4  control.o [1]
    .bss               zero     0x1fff8eb0     0x4  control.o [1]
    .bss               zero     0x1fff8eb4     0x4  control.o [1]
    .bss               zero     0x1fff8eb8     0x4  control.o [1]
    .bss               zero     0x1fff8ebc     0x4  control.o [1]
    .bss               zero     0x1fff8ec0     0x4  control.o [1]
    .bss               zero     0x1fff8ec4     0x4  control.o [1]
    .bss               zero     0x1fff8ec8     0x4  control.o [1]
    .bss               zero     0x1fff8ecc     0x4  control.o [1]
    .bss               zero     0x1fff8ed0    0x14  control.o [1]
    .bss               zero     0x1fff8ee4     0x4  control.o [1]
    .bss               zero     0x1fff8ee8     0x4  control.o [1]
    .bss               zero     0x1fff8eec    0x28  control.o [1]
    .bss               zero     0x1fff8f14     0x4  control.o [1]
    .bss               zero     0x1fff8f18    0x3c  control.o [1]
    .bss               zero     0x1fff8f54    0x10  control.o [1]
    .bss               zero     0x1fff8f64     0x4  control.o [1]
    .bss               zero     0x1fff8f68    0x98  debug.o [1]
    .bss               zero     0x1fff9000     0x4  debug.o [1]
    .bss               zero     0x1fff9004     0x8  HW_ADC.o [1]
    .bss               zero     0x1fff900c   0x100  HW_CAN.o [1]
    .bss               zero     0x1fff910c    0x40  HW_CAN.o [1]
    .bss               zero     0x1fff914c    0x40  HW_CAN.o [1]
    .bss               zero     0x1fff918c     0x8  HW_DAC.o [1]
    .bss               zero     0x1fff9194     0x8  HW_DAC.o [1]
    .bss               zero     0x1fff919c     0x8  HW_DAC.o [1]
    .bss               zero     0x1fff91a4    0x40  HW_DMA.o [1]
    .bss               zero     0x1fff91e4    0x10  HW_ENET.o [1]
    .bss               zero     0x1fff91f4     0xc  HW_FTM.o [1]
    .bss               zero     0x1fff9200    0x14  HW_GPIO.o [1]
    .bss               zero     0x1fff9214     0x8  HW_I2C.o [1]
    .bss               zero     0x1fff921c     0x4  HW_LPTMR.o [1]
    .bss               zero     0x1fff9220     0x4  HW_PDB.o [1]
    .bss               zero     0x1fff9224     0x4  HW_PDB.o [1]
    .bss               zero     0x1fff9228    0x10  HW_PIT.o [1]
    .bss               zero     0x1fff9238     0xc  HW_RTC.o [1]
    .bss               zero     0x1fff9244    0x18  HW_SPI.o [1]
    .bss               zero     0x1fff925c    0x18  HW_SPI.o [1]
    .bss               zero     0x1fff9274    0x18  HW_SPI.o [1]
    .bss               zero     0x1fff928c     0x4  HW_SYSTICK.o [1]
    .bss               zero     0x1fff9290     0x8  HW_TSI.o [1]
    .bss               zero     0x1fff9298    0x18  HW_UART.o [1]
    .bss               zero     0x1fff92b0    0x18  HW_UART.o [1]
    .bss               zero     0x1fff92c8     0x4  HW_USB.o [1]
    .bss               zero     0x1fff92cc    0x1c  init.o [1]
    .bss               zero     0x1fff92e8    0x14  init.o [1]
    .bss               zero     0x1fff92fc    0x14  init.o [1]
    .bss               zero     0x1fff9310    0x14  init.o [1]
    .bss               zero     0x1fff9324     0xc  init.o [1]
    .bss               zero     0x1fff9330     0x4  mycar.o [1]
    .bss               zero     0x1fff9334     0x4  roadSearch.o [1]
    .bss               zero     0x1fff9338   0x200  roadSearch.o [1]
    .bss               zero     0x1fff9538     0x4  roadSearch.o [1]
    .bss               zero     0x1fff953c     0x4  roadSearch.o [1]
    .bss               zero     0x1fff9540     0x8  roadSearch.o [1]
    .bss               zero     0x1fff9548     0x8  roadSearch.o [1]
    .bss               zero     0x1fff9550     0x4  roadSearch.o [1]
    .bss               zero     0x1fff9554     0x4  roadSearch.o [1]
    .bss               zero     0x1fff9558     0x4  roadSearch.o [1]
    .bss               zero     0x1fff955c     0x4  roadSearch.o [1]
    .bss               zero     0x1fff9560     0x4  roadSearch.o [1]
    .bss               zero     0x1fff9564    0x14  roadSearch.o [1]
    .bss               zero     0x1fff9578     0x4  roadSearch.o [1]
    .bss               zero     0x1fff957c     0x4  roadSearch.o [1]
    .bss               zero     0x1fff9580     0x4  roadSearch.o [1]
    .bss               zero     0x1fff9584     0x4  roadSearch.o [1]
    .bss               zero     0x1fff9588     0x4  roadSearch.o [1]
    .bss               zero     0x1fff958c     0x4  roadSearch.o [1]
    .bss               zero     0x1fff9590    0x34  saveinflash.o [1]
    .bss               zero     0x1fff95c4     0x2  ccd.o [1]
    .bss               zero     0x1fff95c6     0x2  ccd.o [1]
    .bss               zero     0x1fff95c8     0x2  mycar.o [1]
    .bss               zero     0x1fff95ca     0x1  debug.o [1]
    .bss               zero     0x1fff95cb     0x1  debug.o [1]
    .bss               zero     0x1fff95cc     0x1  debug.o [1]
    .bss               zero     0x1fff95cd     0x1  debug.o [1]
    .bss               zero     0x1fff95ce     0x1  mycar.o [1]
    .bss               zero     0x1fff95cf     0x1  oled.o [1]
    .bss               zero     0x1fff95d0     0x1  roadSearch.o [1]
    .bss               zero     0x1fff95d1     0x1  roadSearch.o [1]
    .bss               zero     0x1fff95d2     0x1  roadSearch.o [1]
    .bss               zero     0x1fff95d3     0x1  roadSearch.o [1]
    .bss               zero     0x1fff95d4     0x1  roadSearch.o [1]
    .bss               zero     0x1fff95d5     0x1  roadSearch.o [1]
    .bss               zero     0x1fff95d6     0x1  roadSearch.o [1]
    .bss               zero     0x1fff95d7     0x1  roadSearch.o [1]
    .bss               zero     0x1fff95d8     0x1  roadSearch.o [1]
    .bss               zero     0x1fff95d9     0x1  roadSearch.o [1]
    .bss               zero     0x1fff95da     0x1  roadSearch.o [1]
    .bss               zero     0x1fff95db     0x1  roadSearch.o [1]
    .bss               zero     0x1fff95dc     0x1  roadSearch.o [1]
    .bss               zero     0x1fff95dd     0x1  roadSearch.o [1]
  CSTACK                        0x1fff95e0   0x400  <Block>
    CSTACK             uninit   0x1fff95e0   0x400  <Block tail>
                              - 0x1fff99e0   0xeb0


*******************************************************************************
*** INIT TABLE
***

          Address     Size
          -------     ----
Zero (__iar_zero_init3)
    1 destination range, total size 0x8a2:
          0x1fff8d3c  0x8a2



*******************************************************************************
*** MODULE SUMMARY
***

    Module                 ro code  rw code  ro data  rw data
    ------                 -------  -------  -------  -------
F:\work\competition\freescale\P_freestyle\MINE\16.5.16\mycar\project\mycar\iar\RAM\Obj: [1]
    HW_ADC.o                 1 140                84        8
    HW_CAN.o                   482                        384
    HW_DAC.o                   244                         24
    HW_DMA.o                   360                         64
    HW_ENET.o                  128                         16
    HW_FLASH.o                 492
    HW_FTM.o                 2 420                84       12
    HW_GPIO.o                  436                84       20
    HW_I2C.o                   204                          8
    HW_LPTMR.o                 300                84        4
    HW_MCG.o                   408       76       92       16
    HW_PDB.o                   128                          8
    HW_PIT.o                   372                84       16
    HW_RTC.o                    96                         12
    HW_SPI.o                   536                         72
    HW_SYSTICK.o                16                          4
    HW_TSI.o                   112                          8
    HW_UART.o                1 812                         48
    HW_USB.o                    16                          4
    assert.o                    20                48
    ccd.o                      632                 1      261
    control.o                2 592                51      348
    debug.o                  2 506               304      390
    init.o                     780                        100
    io.o                        20
    mycar.o                    628                80       87
    oled.o                   1 992               552        1
    printf.o                 1 252
    relocate.o                 160
    roadSearch.o             6 132                12      630
    saveinflash.o              312                52      104
    startup_K60DZ10.o        1 044
    stdlib.o                    28
    system_MK60.o            1 624             1 216        4
    ---------------------------------------------------------
    Total:                  29 424       76    2 828    2 653

command line: [2]
    ---------------------------------------------------------
    Total:

dl7M_tln.a: [3]
    exit.o                       4
    low_level_init.o             4
    ---------------------------------------------------------
    Total:                       8

m7M_tl.a: [4]
    DblAdd.o                   232
    DblDiv.o                   598
    DblMul.o                   418
    DblSub.o                   384
    DblToFlt.o                 144
    DblToI32.o                  76
    FltAdd.o                   132
    FltCmpEq.o                  28
    FltCmpGe.o                  36
    FltCmpLe.o                  36
    FltDiv.o                   252
    FltMul.o                   216
    FltSub.o                   230
    FltToDbl.o                  78
    FltToS32.o                  68
    FltToU32.o                  36
    I32ToDbl.o                  48
    I32ToFlt.o                  50
    ---------------------------------------------------------
    Total:                   3 062

rt7M_tl.a: [5]
    ABImemcpy_unaligned.o      118
    cexit.o                     10
    cmain.o                     26
    cstartup_M.o                12
    data_init.o                 40
    zero_init3.o                34
    ---------------------------------------------------------
    Total:                     240

shb_l.a: [6]
    exit.o                      20
    ---------------------------------------------------------
    Total:                      20

    Gaps                        16                          5
    Linker created                                16    1 024
-------------------------------------------------------------
    Grand Total:            32 770       76    2 844    3 682


*******************************************************************************
*** ENTRY LIST
***

Entry                      Address   Size  Type      Object
-----                      -------   ----  ----      ------
.bss$$Base              0x1fff8d3c          --   Gb  - Linker created -
.bss$$Limit             0x1fff95e0          --   Gb  - Linker created -
.data$$Base             0x1fff8b30          --   Gb  - Linker created -
.data$$Limit            0x1fff8cf0          --   Gb  - Linker created -
.data_init$$Base        0x1fff7c98          --   Gb  - Linker created -
.data_init$$Limit       0x1fff7e58          --   Gb  - Linker created -
.iar.init_table$$Base   0x1fff8738          --   Gb  - Linker created -
.iar.init_table$$Limit  0x1fff8748          --   Gb  - Linker created -
?main                   0x1fff881d         Code  Gb  cmain.o [5]
ADC0_IRQHandler         0x1fff4caf    0xa  Code  Gb  HW_ADC.o [1]
ADC1_IRQHandler         0x1fff4cb9    0xa  Code  Gb  HW_ADC.o [1]
ADC_ISR                 0x1fff9004    0x8  Data  Gb  HW_ADC.o [1]
ASSERT_FAILED_STR       0x1fff8610   0x30  Data  Gb  assert.o [1]
B_RightOrLeft           0x1fff9554    0x4  Data  Gb  roadSearch.o [1]
Barraicade              0x1fff1985  0x1be  Code  Gb  roadSearch.o [1]
Brightness              0x1fff95c6    0x2  Data  Gb  ccd.o [1]
Brightness_Calculate    0x1fff0f0f   0xf4  Code  Gb  roadSearch.o [1]
CAN0_BUS_OFF_IRQHandler
                        0x1fff7c13    0x8  Code  Gb  HW_CAN.o [1]
CAN0_ERR_IRQHandler     0x1fff7c1b    0xe  Code  Gb  HW_CAN.o [1]
CAN0_IMEU_IRQHandler    0x1fff7c3f    0x2  Code  Gb  HW_CAN.o [1]
CAN0_ISR                0x1fff910c   0x40  Data  Gb  HW_CAN.o [1]
CAN0_LR_IRQHandler      0x1fff7c41    0x2  Code  Gb  HW_CAN.o [1]
CAN0_MESS_IRQHandler    0x1fff7c0b    0x8  Code  Gb  HW_CAN.o [1]
CAN0_RW_IRQHandler      0x1fff7c33    0xa  Code  Gb  HW_CAN.o [1]
CAN0_TW_IRQHandler      0x1fff7c29    0xa  Code  Gb  HW_CAN.o [1]
CAN0_WAKE_UP_IRQHandler
                        0x1fff7c3d    0x2  Code  Gb  HW_CAN.o [1]
CAN1_BUS_OFF_IRQHandler
                        0x1fff7c4b    0x8  Code  Gb  HW_CAN.o [1]
CAN1_ERR_IRQHandler     0x1fff7c53    0xe  Code  Gb  HW_CAN.o [1]
CAN1_IMEU_IRQHandler    0x1fff7c93    0x2  Code  Gb  HW_CAN.o [1]
CAN1_ISR                0x1fff914c   0x40  Data  Gb  HW_CAN.o [1]
CAN1_LR_IRQHandler      0x1fff7c95    0x2  Code  Gb  HW_CAN.o [1]
CAN1_MESS_IRQHandler    0x1fff7c43    0x8  Code  Gb  HW_CAN.o [1]
CAN1_RW_IRQHandler      0x1fff7c6b    0xa  Code  Gb  HW_CAN.o [1]
CAN1_TW_IRQHandler      0x1fff7c61    0xa  Code  Gb  HW_CAN.o [1]
CAN1_WAKE_UP_IRQHandler
                        0x1fff7c91    0x2  Code  Gb  HW_CAN.o [1]
CCD_Buff                0x1fff8d3c  0x100  Data  Gb  ccd.o [1]
CCD_Capture             0x1fff6037  0x10c  Code  Gb  ccd.o [1]
CCD_Diff                0x1fff9338  0x200  Data  Gb  roadSearch.o [1]
CCD_Draw_Buff           0x1fff8f68   0x98  Data  Gb  debug.o [1]
CCD_Normalization       0x1fff6143   0xb6  Code  Gb  ccd.o [1]
CCD_Offset              0x1fff8b30    0x1  Data  Gb  ccd.o [1]
CSTACK$$Base            0x1fff95e0          --   Gb  - Linker created -
CSTACK$$Limit           0x1fff99e0          --   Gb  - Linker created -
CarSpeed                0x1fff8e88    0x4  Data  Gb  control.o [1]
Character_Distance      0x1fff955c    0x4  Data  Gb  roadSearch.o [1]
CodeRelocate$$Base      0x1fff84f4          --   Gb  - Linker created -
CodeRelocate$$Limit     0x1fff8540          --   Gb  - Linker created -
CodeRelocateRam$$Base   0x1fff8cf0          --   Gb  - Linker created -
CodeRelocateRam$$Limit  0x1fff8d3c          --   Gb  - Linker created -
ControlSpeed            0x1fff8e90    0x4  Data  Gb  control.o [1]
Control_Para0           0x1fff8c1c   0x14  Data  Gb  debug.o [1]
Control_Para1           0x1fff8c30   0x14  Data  Gb  debug.o [1]
Control_Para2           0x1fff8c44    0x8  Data  Gb  debug.o [1]
Correct_Err             0x1fff8cb4    0x4  Data  Gb  roadSearch.o [1]
CrossRoad               0x1fff12b1  0x25c  Code  Gb  roadSearch.o [1]
DAC0_IRQHandler         0x1fff7fc1   0x6a  Code  Gb  HW_DAC.o [1]
DAC1_IRQHandler         0x1fff802b   0x6a  Code  Gb  HW_DAC.o [1]
DAC_RDPTBOT_ISR         0x1fff918c    0x8  Data  Gb  HW_DAC.o [1]
DAC_RDPTTOP_ISR         0x1fff9194    0x8  Data  Gb  HW_DAC.o [1]
DAC_WATERMK_ISR         0x1fff919c    0x8  Data  Gb  HW_DAC.o [1]
DMA0_IRQHandler         0x1fff7e59   0x16  Code  Gb  HW_DMA.o [1]
DMA10_IRQHandler        0x1fff7f35   0x16  Code  Gb  HW_DMA.o [1]
DMA11_IRQHandler        0x1fff7f4b   0x16  Code  Gb  HW_DMA.o [1]
DMA12_IRQHandler        0x1fff7f61   0x16  Code  Gb  HW_DMA.o [1]
DMA13_IRQHandler        0x1fff7f77   0x16  Code  Gb  HW_DMA.o [1]
DMA14_IRQHandler        0x1fff7f8d   0x16  Code  Gb  HW_DMA.o [1]
DMA15_IRQHandler        0x1fff7fa3   0x16  Code  Gb  HW_DMA.o [1]
DMA1_IRQHandler         0x1fff7e6f   0x16  Code  Gb  HW_DMA.o [1]
DMA2_IRQHandler         0x1fff7e85   0x16  Code  Gb  HW_DMA.o [1]
DMA3_IRQHandler         0x1fff7e9b   0x16  Code  Gb  HW_DMA.o [1]
DMA4_IRQHandler         0x1fff7eb1   0x16  Code  Gb  HW_DMA.o [1]
DMA5_IRQHandler         0x1fff7ec7   0x16  Code  Gb  HW_DMA.o [1]
DMA6_IRQHandler         0x1fff7edd   0x16  Code  Gb  HW_DMA.o [1]
DMA7_IRQHandler         0x1fff7ef3   0x16  Code  Gb  HW_DMA.o [1]
DMA8_IRQHandler         0x1fff7f09   0x16  Code  Gb  HW_DMA.o [1]
DMA9_IRQHandler         0x1fff7f1f   0x16  Code  Gb  HW_DMA.o [1]
DMA_ISR                 0x1fff91a4   0x40  Data  Gb  HW_DMA.o [1]
DebugData_Init          0x1fff5e7d   0x20  Code  Gb  saveinflash.o [1]
DebugData_Read          0x1fff5f23   0x66  Code  Gb  saveinflash.o [1]
DebugData_Save          0x1fff5e9d   0x86  Code  Gb  saveinflash.o [1]
DefaultISR              0x1fff6d23   0x18  Code  Gb  system_MK60.o [1]
Delay_2ms               0x1fff56a1   0x12  Code  Gb  debug.o [1]
Delt_error              0x1fff8eb0    0x4  Data  Gb  control.o [1]
Delta_D                 0x1fff8e40    0x4  Data  Gb  control.o [1]
Delta_P                 0x1fff8e3c    0x4  Data  Gb  control.o [1]
Delta_Prederror         0x1fff8ed0   0x14  Data  Gb  control.o [1]
Delta_dError_Range      0x1fff8b38   0x14  Data  Gb  control.o [1]
Diagnostic_Reset_Source
                        0x1fff6fd9   0x82  Code  Lc  system_MK60.o [1]
DirControlOutNew        0x1fff8ea0    0x4  Data  Gb  control.o [1]
DirControlOutOld        0x1fff8ea4    0x4  Data  Gb  control.o [1]
DirectionCount          0x1fff8eb8    0x4  Data  Gb  control.o [1]
Direction_Control       0x1fff3461  0x146  Code  Gb  control.o [1]
Direction_Control_Output
                        0x1fff35a7   0x34  Code  Gb  control.o [1]
Display_Edge            0x1fff8b64    0x1  Data  Gb  debug.o [1]
Distance                0x1fff8e84    0x4  Data  Gb  control.o [1]
Draw_CCD                0x1fff4fc9  0x1b6  Code  Gb  debug.o [1]
ENET_ISR                0x1fff91e4   0x10  Data  Gb  HW_ENET.o [1]
EdgeFind                0x1fff0425  0x186  Code  Gb  roadSearch.o [1]
Eth_Err_Misc_IRQHandler
                        0x1fff81e3   0x16  Code  Gb  HW_ENET.o [1]
Eth_IEEE1588_IRQHandler
                        0x1fff81cd   0x16  Code  Gb  HW_ENET.o [1]
Eth_RX_IRQHandler       0x1fff8181   0x26  Code  Gb  HW_ENET.o [1]
Eth_TX_IRQHandler       0x1fff81a7   0x26  Code  Gb  HW_ENET.o [1]
F6x8                    0x1fff7674  0x228  Data  Gb  oled.o [1]
FTM0_IRQHandler         0x1fff42a5    0xa  Code  Gb  HW_FTM.o [1]
FTM1_IRQHandler         0x1fff42af    0xa  Code  Gb  HW_FTM.o [1]
FTM2_IRQHandler         0x1fff42b9    0xa  Code  Gb  HW_FTM.o [1]
FTM_ISR                 0x1fff91f4    0xc  Data  Gb  HW_FTM.o [1]
FallingEdge             0x1fff9548    0x8  Data  Gb  roadSearch.o [1]
FallingEdgeCnt          0x1fff95d7    0x1  Data  Gb  roadSearch.o [1]
FallingEdgeIndex        0x1fff953c    0x4  Data  Gb  roadSearch.o [1]
FindBoundary            0x1fff0787   0xa4  Code  Gb  roadSearch.o [1]
FindNearest             0x1fff082b   0xf4  Code  Gb  roadSearch.o [1]
Find_BothLine           0x1fff05ab  0x1dc  Code  Gb  roadSearch.o [1]
Fuzzy_Kd                0x1fff8e48    0x4  Data  Gb  control.o [1]
Fuzzy_Kp                0x1fff8e44    0x4  Data  Gb  control.o [1]
GPIO_ISR                0x1fff9200   0x14  Data  Gb  HW_GPIO.o [1]
GPIO_Init               0x1fff44fd   0xb6  Code  Gb  init.o [1]
Get_Speed               0x1fff2e7d  0x1fe  Code  Gb  control.o [1]
HardFault_Handler       0x1fff6cff   0x24  Code  Gb  system_MK60.o [1]
I2C0_IRQHandler         0x1fff80b5   0x5a  Code  Gb  HW_I2C.o [1]
I2C1_IRQHandler         0x1fff810f   0x5a  Code  Gb  HW_I2C.o [1]
I2C_ISR                 0x1fff9214    0x8  Data  Gb  HW_I2C.o [1]
If_Button_Press         0x1fff517f  0x4a4  Code  Gb  debug.o [1]
Is_Barraicade           0x1fff1835  0x110  Code  Gb  roadSearch.o [1]
Is_CrossRoad            0x1fff1031  0x26a  Code  Gb  roadSearch.o [1]
K_CrossRoad             0x1fff8ea8    0x4  Data  Gb  control.o [1]
K_Varialbe_Speed        0x1fff8b4c   0x18  Data  Gb  control.o [1]
LPLD_ADC_Cal            0x1fff4c13   0x9c  Code  Lc  HW_ADC.o [1]
LPLD_ADC_Chn_Enable     0x1fff4a3d  0x1d6  Code  Gb  HW_ADC.o [1]
LPLD_ADC_Get            0x1fff4a15   0x28  Code  Gb  HW_ADC.o [1]
LPLD_ADC_Init           0x1fff4875  0x1a0  Code  Gb  HW_ADC.o [1]
LPLD_CAN_Interrupt_ClearPending
                        0x1fff7ab5   0x24  Code  Lc  HW_CAN.o [1]
LPLD_CAN_Interrupt_GetFlag
                        0x1fff7ad9   0x22  Code  Lc  HW_CAN.o [1]
LPLD_CAN_MB_ISR         0x1fff7bb1   0x5a  Code  Lc  HW_CAN.o [1]
LPLD_CAN_Receive_Interrupt
                        0x1fff7b55   0x5c  Code  Lc  HW_CAN.o [1]
LPLD_CAN_Transmit_Interrupt
                        0x1fff7afb   0x5a  Code  Gb  HW_CAN.o [1]
LPLD_FTM_ClearCounter   0x1fff3ba9    0x6  Code  Gb  HW_FTM.o [1]
LPLD_FTM_DEC_Init       0x1fff429d    0x8  Code  Lc  HW_FTM.o [1]
LPLD_FTM_GetCounter     0x1fff3ba3    0x6  Code  Gb  HW_FTM.o [1]
LPLD_FTM_IC_Init        0x1fff3d07   0x96  Code  Lc  HW_FTM.o [1]
LPLD_FTM_Init           0x1fff39c9  0x120  Code  Gb  HW_FTM.o [1]
LPLD_FTM_PWM_ChangeDuty
                        0x1fff3b53   0x50  Code  Gb  HW_FTM.o [1]
LPLD_FTM_PWM_Enable     0x1fff3ae9   0x6a  Code  Gb  HW_FTM.o [1]
LPLD_FTM_PWM_Init       0x1fff3be1  0x126  Code  Lc  HW_FTM.o [1]
LPLD_FTM_PinInit        0x1fff3d9d  0x4a4  Code  Lc  HW_FTM.o [1]
LPLD_FTM_QD_Enable      0x1fff3baf   0x32  Code  Gb  HW_FTM.o [1]
LPLD_FTM_QD_Init        0x1fff4261   0x3c  Code  Lc  HW_FTM.o [1]
LPLD_Flash_ByteProgram  0x1fff635f   0xd2  Code  Gb  HW_FLASH.o [1]
LPLD_Flash_Init         0x1fff6271   0x5a  Code  Gb  HW_FLASH.o [1]
LPLD_Flash_SectorErase  0x1fff62cb   0x94  Code  Gb  HW_FLASH.o [1]
LPLD_GPIO_Init          0x1fff2539   0xe4  Code  Gb  HW_GPIO.o [1]
LPLD_GPIO_Input_b       0x1fff263f    0xc  Code  Gb  HW_GPIO.o [1]
LPLD_GPIO_Output_b      0x1fff261d   0x18  Code  Gb  HW_GPIO.o [1]
LPLD_GPIO_Toggle_b      0x1fff2635    0xa  Code  Gb  HW_GPIO.o [1]
LPLD_LPTMR_GetPulseAcc  0x1fff3985    0x8  Code  Gb  HW_LPTMR.o [1]
LPLD_LPTMR_Init         0x1fff389d   0xda  Code  Gb  HW_LPTMR.o [1]
LPLD_LPTMR_ResetCounter
                        0x1fff3977    0xe  Code  Gb  HW_LPTMR.o [1]
LPLD_PIT_EnableIrq      0x1fff47c7   0x26  Code  Gb  HW_PIT.o [1]
LPLD_PIT_Init           0x1fff4715   0xb2  Code  Gb  HW_PIT.o [1]
LPLD_PLL_Setup          0x1fff7269  0x198  Code  Gb  HW_MCG.o [1]
LPLD_Set_SYS_DIV        0x1fff8cf1   0x4c  Code  Gb  HW_MCG.o [1]
LPLD_UART_Init          0x1fff645d  0x40a  Code  Gb  HW_UART.o [1]
LPLD_UART_PutChar       0x1fff6867    0xa  Code  Gb  HW_UART.o [1]
LPTMR_ISR               0x1fff921c    0x4  Data  Gb  HW_LPTMR.o [1]
LPT_IRQHandler          0x1fff398d   0x16  Code  Gb  HW_LPTMR.o [1]
Left                    0x1fff9334    0x4  Data  Gb  roadSearch.o [1]
Left_Encoder_Init       0x1fff444d   0x1e  Code  Gb  init.o [1]
Leftlast                0x1fff95d4    0x1  Data  Gb  roadSearch.o [1]
Leftlastfind            0x1fff95d2    0x1  Data  Gb  roadSearch.o [1]
Max_Peak                0x1fff9550    0x4  Data  Gb  roadSearch.o [1]
Max_Value               0x1fff95c4    0x2  Data  Gb  ccd.o [1]
Middle_Err              0x1fff9558    0x4  Data  Gb  roadSearch.o [1]
Middle_Last             0x1fff9560    0x4  Data  Lc  roadSearch.o [1]
Motor_Init              0x1fff436f   0x6a  Code  Gb  init.o [1]
Motor_Output            0x1fff3665   0x34  Code  Gb  control.o [1]
NVIC_EnableIRQ          0x1fff4701   0x14  Code  Lc  HW_PIT.o [1]
Normal                  0x1fff091f  0x5f0  Code  Gb  roadSearch.o [1]
OLED_DLY_ms             0x1fff57f3   0x18  Code  Gb  oled.o [1]
OLED_Draw_UI            0x1fff4ce9  0x2e0  Code  Gb  debug.o [1]
OLED_Fill               0x1fff57b5   0x3e  Code  Gb  oled.o [1]
OLED_Init               0x1fff5917   0xd2  Code  Gb  oled.o [1]
OLED_P6x8Char           0x1fff59e9   0x44  Code  Gb  oled.o [1]
OLED_P6x8Str            0x1fff5a2d   0x98  Code  Gb  oled.o [1]
OLED_PrintValueF        0x1fff5c5b  0x206  Code  Gb  oled.o [1]
OLED_PrintValueFP       0x1fff5b97   0xc4  Code  Gb  oled.o [1]
OLED_PrintValueI        0x1fff5ac5   0xd2  Code  Gb  oled.o [1]
OLED_Set_Pos            0x1fff578f   0x26  Code  Gb  oled.o [1]
OLED_WrCmd              0x1fff5729   0x66  Code  Gb  oled.o [1]
OLED_WrDat              0x1fff56b5   0x72  Code  Gb  oled.o [1]
OS_CPU_SysTickHandler   0x1fff8a0d    0xa  Code  Gb  HW_SYSTICK.o [1]
PDB_IRQHandler          0x1fff8201   0x6a  Code  Gb  HW_PDB.o [1]
PDB_ISR                 0x1fff9220    0x4  Data  Gb  HW_PDB.o [1]
PDB_SE_ISR              0x1fff9224    0x4  Data  Gb  HW_PDB.o [1]
PID_Speed               0x1fff8e4c   0x1c  Data  Gb  control.o [1]
PID_Turn                0x1fff8e68   0x1c  Data  Gb  control.o [1]
PIT0_IRQHandler         0x1fff47ed   0x16  Code  Gb  HW_PIT.o [1]
PIT1_IRQHandler         0x1fff4803   0x16  Code  Gb  HW_PIT.o [1]
PIT2_IRQHandler         0x1fff4819   0x16  Code  Gb  HW_PIT.o [1]
PIT3_IRQHandler         0x1fff482f   0x16  Code  Gb  HW_PIT.o [1]
PIT_ISR                 0x1fff9228   0x10  Data  Gb  HW_PIT.o [1]
PORTA_IRQHandler        0x1fff264b   0x12  Code  Gb  HW_GPIO.o [1]
PORTB_IRQHandler        0x1fff265d   0x12  Code  Gb  HW_GPIO.o [1]
PORTC_IRQHandler        0x1fff266f   0x12  Code  Gb  HW_GPIO.o [1]
PORTD_IRQHandler        0x1fff2681   0x12  Code  Gb  HW_GPIO.o [1]
PORTE_IRQHandler        0x1fff2693   0x12  Code  Gb  HW_GPIO.o [1]
P_CrossRoad             0x1fff8eac    0x4  Data  Gb  control.o [1]
Page_Index              0x1fff95ca    0x1  Data  Gb  debug.o [1]
Para_Checked            0x1fff95cc    0x1  Data  Gb  debug.o [1]
Para_Choice             0x1fff95cd    0x1  Data  Gb  debug.o [1]
Para_Index              0x1fff95cb    0x1  Data  Gb  debug.o [1]
Para_Init               0x1fff44a1   0x5c  Code  Gb  init.o [1]
Para_Name               0x1fff8b80   0x3c  Data  Gb  debug.o [1]
Para_Name1              0x1fff8bbc   0x3c  Data  Gb  debug.o [1]
Para_Name2              0x1fff8bf8   0x24  Data  Gb  debug.o [1]
Pit_Init                0x1fff4413   0x3a  Code  Gb  init.o [1]
Pre_Delta_Error         0x1fff8ecc    0x4  Data  Gb  control.o [1]
Pre_Width               0x1fff9564   0x14  Data  Gb  roadSearch.o [1]
Prejudge                0x1fff1b51   0x26  Code  Gb  roadSearch.o [1]
Push_And_Pull           0x1fff152d   0x1a  Code  Gb  roadSearch.o [1]
RTC_IRQHandler          0x1fff82f1   0x56  Code  Gb  HW_RTC.o [1]
RTC_ISR                 0x1fff9238    0xc  Data  Gb  HW_RTC.o [1]
Reference_Width         0x1fff8cac    0x4  Data  Gb  roadSearch.o [1]
Region$$Table$$Base     0x1fff8738          --   Gb  - Linker created -
Region$$Table$$Limit    0x1fff8748          --   Gb  - Linker created -
Right                   0x1fff8cb0    0x4  Data  Gb  roadSearch.o [1]
Right_Encoder_Init      0x1fff433d   0x32  Code  Gb  init.o [1]
Rightlast               0x1fff95d5    0x1  Data  Gb  roadSearch.o [1]
Rightlastfind           0x1fff95d3    0x1  Data  Gb  roadSearch.o [1]
RisingEdge              0x1fff9540    0x8  Data  Gb  roadSearch.o [1]
RisingEdgeCnt           0x1fff95d6    0x1  Data  Gb  roadSearch.o [1]
RisingEdgeIndex         0x1fff9538    0x4  Data  Gb  roadSearch.o [1]
RoadType                0x1fff95d9    0x1  Data  Gb  roadSearch.o [1]
RoadType_Distinguish    0x1fff1547  0x2ea  Code  Gb  roadSearch.o [1]
SPI0_IRQHandler         0x1fff789d   0xaa  Code  Gb  HW_SPI.o [1]
SPI0_ISR                0x1fff9244   0x18  Data  Gb  HW_SPI.o [1]
SPI1_IRQHandler         0x1fff7947   0xaa  Code  Gb  HW_SPI.o [1]
SPI1_ISR                0x1fff925c   0x18  Data  Gb  HW_SPI.o [1]
SPI2_IRQHandler         0x1fff79f1   0xaa  Code  Gb  HW_SPI.o [1]
SPI2_ISR                0x1fff9274   0x18  Data  Gb  HW_SPI.o [1]
SYSTICK_ISR             0x1fff928c    0x4  Data  Gb  HW_SYSTICK.o [1]
Save_Data               0x1fff8cbc   0x30  Data  Gb  saveinflash.o [1]
Send_Begin              0x1fff7597   0x20  Code  Gb  mycar.o [1]
Send_CCD                0x1fff7547   0x50  Code  Gb  mycar.o [1]
Send_Variable           0x1fff75b7   0x86  Code  Gb  mycar.o [1]
Servo_Init              0x1fff43d9   0x3a  Code  Gb  init.o [1]
SetAddressingMode       0x1fff580b   0x14  Code  Gb  oled.o [1]
SetContrastControl      0x1fff582d   0x14  Code  Gb  oled.o [1]
SetSpeed                0x1fff8e8c    0x4  Data  Gb  control.o [1]
SetStartLine            0x1fff581f    0xe  Code  Gb  oled.o [1]
Set_Charge_Pump         0x1fff5841   0x16  Code  Gb  oled.o [1]
Set_Common_Config       0x1fff58ed   0x16  Code  Gb  oled.o [1]
Set_Common_Remap        0x1fff58a3    0xe  Code  Gb  oled.o [1]
Set_Display_Clock       0x1fff58c5   0x14  Code  Gb  oled.o [1]
Set_Display_Offset      0x1fff58b1   0x14  Code  Gb  oled.o [1]
Set_Display_On_Off      0x1fff5895    0xe  Code  Gb  oled.o [1]
Set_Entire_Display      0x1fff5865    0xe  Code  Gb  oled.o [1]
Set_Inverse_Display     0x1fff5873    0xe  Code  Gb  oled.o [1]
Set_Multiplex_Ratio     0x1fff5881   0x14  Code  Gb  oled.o [1]
Set_Precharge_Period    0x1fff58d9   0x14  Code  Gb  oled.o [1]
Set_Segment_Remap       0x1fff5857    0xe  Code  Gb  oled.o [1]
Set_VCOMH               0x1fff5903   0x14  Code  Gb  oled.o [1]
Slope_Calculate         0x1fff3699  0x10e  Code  Gb  control.o [1]
SpeedControlIntegral    0x1fff8e94    0x4  Data  Gb  control.o [1]
SpeedControlOutNew      0x1fff8e98    0x4  Data  Gb  control.o [1]
SpeedControlOutOld      0x1fff8e9c    0x4  Data  Gb  control.o [1]
SpeedCount              0x1fff8eb4    0x4  Data  Gb  control.o [1]
Speed_Control           0x1fff307b  0x39a  Code  Gb  control.o [1]
Speed_Control_Output    0x1fff3415   0x4c  Code  Gb  control.o [1]
Speed_Filter_Times      0x1fff8b34    0x4  Data  Gb  control.o [1]
Step                    0x1fff8b68   0x18  Data  Gb  debug.o [1]
Step_Index              0x1fff8b65    0x1  Data  Gb  debug.o [1]
SystemCoreClock         0x1fff8cec    0x4  Data  Gb  system_MK60.o [1]
SystemCoreClockUpdate   0x1fff6cd1   0x2e  Code  Gb  system_MK60.o [1]
SystemInit              0x1fff6b71  0x160  Code  Gb  system_MK60.o [1]
TSI_IRQHandler          0x1fff8281   0x5c  Code  Gb  HW_TSI.o [1]
TSI_ISR                 0x1fff9290    0x8  Data  Gb  HW_TSI.o [1]
Threshold               0x1fff95d8    0x1  Data  Gb  roadSearch.o [1]
Turn_Out_Filter         0x1fff35db   0x8a  Code  Gb  control.o [1]
UART0_ERR_IRQHandler    0x1fff6b65    0x2  Code  Gb  HW_UART.o [1]
UART0_IRQHandler        0x1fff6871   0x58  Code  Gb  HW_UART.o [1]
UART1_ERR_IRQHandler    0x1fff6b67    0x2  Code  Gb  HW_UART.o [1]
UART1_IRQHandler        0x1fff68c9   0x58  Code  Gb  HW_UART.o [1]
UART2_ERR_IRQHandler    0x1fff6b69    0x2  Code  Gb  HW_UART.o [1]
UART2_IRQHandler        0x1fff6921   0x58  Code  Gb  HW_UART.o [1]
UART3_ERR_IRQHandler    0x1fff6b6b    0x2  Code  Gb  HW_UART.o [1]
UART3_IRQHandler        0x1fff6979   0x58  Code  Gb  HW_UART.o [1]
UART4_ERR_IRQHandler    0x1fff6b6d    0x2  Code  Gb  HW_UART.o [1]
UART4_IRQHandler        0x1fff69d1   0x58  Code  Gb  HW_UART.o [1]
UART5_ERR_IRQHandler    0x1fff6b6f    0x2  Code  Gb  HW_UART.o [1]
UART5_IRQHandler        0x1fff6a29   0x58  Code  Gb  HW_UART.o [1]
UART_R_ISR              0x1fff9298   0x18  Data  Gb  HW_UART.o [1]
UART_T_ISR              0x1fff92b0   0x18  Data  Gb  HW_UART.o [1]
USB_ISR                 0x1fff92c8    0x4  Data  Gb  HW_USB.o [1]
USB_OTG_IRQHandler      0x1fff8a1d    0xa  Code  Gb  HW_USB.o [1]
Variable                0x1fff8c5c   0x50  Data  Gb  mycar.o [1]
Voltage                 0x1fff9000    0x4  Data  Gb  debug.o [1]
Voltage_Adc_init        0x1fff446b   0x36  Code  Gb  init.o [1]
__BOOT_STACK_ADDRESS {Abs}
                        0x2000fff8          --   Gb  command line/config [2]
__VECTOR_RAM {Abs}      0x1fff0000          --   Gb  command line/config [2]
__VECTOR_TABLE {Abs}    0x1fff0000          --   Gb  command line/config [2]
__Vectors               0x1fff0000          --   Gb  startup_K60DZ10.o [1]
__Vectors_End           0x1fff0400         Data  Gb  startup_K60DZ10.o [1]
__Vectors_Size {Abs}    0x00000400          --   Gb  startup_K60DZ10.o [1]
__aeabi_cfcmpeq         0x1fff466d         Code  Gb  FltCmpEq.o [4]
__aeabi_cfcmple         0x1fff242d         Code  Gb  FltCmpLe.o [4]
__aeabi_cfrcmple        0x1fff1c19         Code  Gb  FltCmpGe.o [4]
__aeabi_d2f             0x1fff2089         Code  Gb  DblToFlt.o [4]
__aeabi_d2iz            0x1fff235d         Code  Gb  DblToI32.o [4]
__aeabi_dadd            0x1fff2275         Code  Gb  DblAdd.o [4]
__aeabi_ddiv            0x1fff1e31         Code  Gb  DblDiv.o [4]
__aeabi_dmul            0x1fff1c6d         Code  Gb  DblMul.o [4]
__aeabi_dsub            0x1fff26ed         Code  Gb  DblSub.o [4]
__aeabi_f2d             0x1fff2225         Code  Gb  FltToDbl.o [4]
__aeabi_f2iz            0x1fff622d         Code  Gb  FltToS32.o [4]
__aeabi_f2uiz           0x1fff4649         Code  Gb  FltToU32.o [4]
__aeabi_fadd            0x1fff23a9         Code  Gb  FltAdd.o [4]
__aeabi_fdiv            0x1fff286d         Code  Gb  FltDiv.o [4]
__aeabi_fmul            0x1fff214d         Code  Gb  FltMul.o [4]
__aeabi_fsub            0x1fff2451         Code  Gb  FltSub.o [4]
__aeabi_i2d             0x1fff1c3d         Code  Gb  I32ToDbl.o [4]
__aeabi_i2f             0x1fff2119         Code  Gb  I32ToFlt.o [4]
__aeabi_ui2d            0x1fff1c51         Code  Gb  I32ToDbl.o [4]
__aeabi_ui2f            0x1fff212d         Code  Gb  I32ToFlt.o [4]
__cmain                 0x1fff881d         Code  Gb  cmain.o [5]
__exit                  0x1fff884d   0x14  Code  Gb  exit.o [6]
__iar_d2uiz             0x1fff2389         Code  Gb  DblToI32.o [4]
__iar_dadd              0x1fff2289         Code  Gb  DblAdd.o [4]
__iar_data_init3        0x1fff86c9   0x28  Code  Gb  data_init.o [5]
__iar_dsub              0x1fff2701         Code  Gb  DblSub.o [4]
__iar_dsubStart         0x1fff2713         Code  Gb  DblSub.o [4]
__iar_fadd              0x1fff23b9         Code  Gb  FltAdd.o [4]
__iar_fsub              0x1fff2461         Code  Gb  FltSub.o [4]
__iar_fsubStart         0x1fff2471         Code  Gb  FltSub.o [4]
__iar_program_start     0x1fff8a75         Code  Gb  cstartup_M.o [5]
__iar_ui2d              0x1fff1c55         Code  Gb  I32ToDbl.o [4]
__iar_ui2f              0x1fff2131         Code  Gb  I32ToFlt.o [4]
__iar_unaligned___aeabi_memcpy
                        0x1fff4689         Code  Gb  ABImemcpy_unaligned.o [5]
__iar_unaligned___aeabi_memcpy4
                        0x1fff46a9         Code  Gb  ABImemcpy_unaligned.o [5]
__iar_unaligned___aeabi_memcpy8
                        0x1fff46a9         Code  Gb  ABImemcpy_unaligned.o [5]
__iar_zero_init3        0x1fff1e0f   0x22  Code  Gb  zero_init3.o [5]
__low_level_init        0x1fff8837    0x4  Code  Gb  low_level_init.o [3]
__vector_table          0x1fff0000         Data  Gb  startup_K60DZ10.o [1]
__vector_table_0x1c     0x1fff001c         Data  Gb  startup_K60DZ10.o [1]
_call_main              0x1fff8829         Code  Gb  cmain.o [5]
_exit                   0x1fff8841         Code  Gb  cexit.o [5]
_main                   0x1fff8833         Code  Gb  cmain.o [5]
adc_init_struct         0x1fff9310   0x14  Data  Gb  init.o [1]
assert_failed           0x1fff2969   0x14  Code  Gb  assert.o [1]
ccd_ADC_init            0x1fff5ff1   0x30  Code  Gb  ccd.o [1]
ccd_GPIO_init           0x1fff5fc1   0x30  Code  Gb  ccd.o [1]
ccd_init                0x1fff5fb5    0xc  Code  Gb  ccd.o [1]
common_relocate         0x1fff71c9   0xa0  Code  Gb  relocate.o [1]
cpu_identify            0x1fff6d41  0x1f2  Code  Lc  system_MK60.o [1]
curve_to_cross          0x1fff95da    0x1  Data  Gb  roadSearch.o [1]
delay200ns              0x1fff6021   0x16  Code  Gb  ccd.o [1]
delay_flash             0x1fff5f95   0x20  Code  Gb  saveinflash.o [1]
exit                    0x1fff883b    0x4  Code  Gb  exit.o [3]
flash_identify          0x1fff6f33   0xa6  Code  Lc  system_MK60.o [1]
flexcan_msgobj_param_t  0x1fff900c  0x100  Data  Gb  HW_CAN.o [1]
ftm_init_struct         0x1fff92cc   0x1c  Data  Gb  init.o [1]
g_bus_clock             0x1fff8c50    0x4  Data  Gb  HW_MCG.o [1]
g_core_clock            0x1fff8c4c    0x4  Data  Gb  HW_MCG.o [1]
g_flash_clock           0x1fff8c54    0x4  Data  Gb  HW_MCG.o [1]
g_flexbus_clock         0x1fff8c58    0x4  Data  Gb  HW_MCG.o [1]
gpio_init_struct        0x1fff92fc   0x14  Data  Gb  init.o [1]
leftfind                0x1fff95d1    0x1  Data  Gb  roadSearch.o [1]
lptmr_init_struct       0x1fff9324    0xc  Data  Gb  init.o [1]
main                    0x1fff7449   0x50  Code  Gb  mycar.o [1]
out_char                0x1fff89c9    0xe  Code  Gb  io.o [1]
pit_init_struct         0x1fff92e8   0x14  Data  Gb  init.o [1]
pit_isr                 0x1fff7499   0xae  Code  Gb  mycar.o [1]
printf                  0x1fff2e3d   0x1e  Code  Gb  printf.o [1]
printk                  0x1fff2a55  0x3e8  Code  Gb  printf.o [1]
printk_mknumstr         0x1fff29a9   0x70  Code  Lc  printf.o [1]
printk_pad_space        0x1fff2a37   0x1e  Code  Lc  printf.o [1]
printk_pad_zero         0x1fff2a19   0x1e  Code  Lc  printf.o [1]
printk_putc             0x1fff297d   0x2c  Code  Lc  printf.o [1]
ptr                     0x1fff8cb8    0x4  Data  Gb  saveinflash.o [1]
qd1_result              0x1fff8ebc    0x4  Data  Gb  control.o [1]
qd1_result_old          0x1fff8ec0    0x4  Data  Gb  control.o [1]
qd2_result              0x1fff8ec4    0x4  Data  Gb  control.o [1]
qd2_result_old          0x1fff8ec8    0x4  Data  Gb  control.o [1]
reserve                 0x1fff9330    0x4  Data  Gb  mycar.o [1]
reverse                 0x1fff95cf    0x1  Data  Gb  oled.o [1]
rightfind               0x1fff95d0    0x1  Data  Gb  roadSearch.o [1]
servo_angle_control     0x1fff7401   0x48  Code  Gb  mycar.o [1]
strlen                  0x1fff2e61   0x1c  Code  Gb  stdlib.o [1]
u                       0x1fff95c8    0x2  Data  Gb  mycar.o [1]
write_buffer            0x1fff9590   0x34  Data  Gb  saveinflash.o [1]


[1] = F:\work\competition\freescale\P_freestyle\MINE\16.5.16\mycar\project\mycar\iar\RAM\Obj
[2] = command line
[3] = dl7M_tln.a
[4] = m7M_tl.a
[5] = rt7M_tl.a
[6] = shb_l.a

  32 770 bytes of readonly  code memory
      76 bytes of readwrite code memory
   2 844 bytes of readonly  data memory
   3 682 bytes of readwrite data memory

Errors: none
Warnings: none
